../src/drv/drv_uart.c:25:6:uart1_Init	8	static
../src/drv/drv_uart.c:42:6:uart2_Init	8	static
../src/drv/drv_uart.c:62:6:uart6_Init	8	static
../src/drv/drv_uart.c:83:6:uart_Write	16	static
../src/drv/drv_uart.c:95:5:put_char	16	static
../src/drv/drv_uart.c:105:5:put_char1	16	static
../src/drv/drv_uart.c:111:5:putchar_stlink	16	static
../src/drv/drv_uart.c:117:5:putchar_zigbee	16	static
../src/drv/drv_uart.c:127:6:HAL_UART_RxCpltCallback	16	static
../src/drv/drv_uart.c:150:6:put_string	16	static
../src/drv/drv_uart.c:159:6:put_string_stlink	16	static
../src/drv/drv_uart.c:168:6:put_string_zigbee	16	static
../src/drv/drv_uart.c:177:6:sendFrame	16	static
../src/drv/drv_uart.c:185:6:term_printf	160	static
../src/drv/drv_uart.c:287:6:term_printf_stlink	136	static
../src/drv/drv_uart.c:385:6:term_printf_zigbee	136	static
